........................................................................ [ 61%]
..............................................                           [100%]
118 passed in 0.40s
